Comment [1:7 - 1:18]
End [2:1 - 2:1]


===============================
1 issue found in Tests/Examples/bad/lex/LettersBetweenNum.lifp:

[1:3 - 1:5] In 'Integer' token: unexpected character '+', was expecting a digit or a '.'
1 | 32+32 # bad digits
      ^~~


