OpenParen [2:1 - 2:1]
Cond [2:2 - 2:5]
True [2:7 - 2:10]
Integer [2:12 - 2:13] 42
CloseParen [2:14 - 2:14]
Comment [2:16 - 2:19]
OpenParen [3:1 - 3:1]
Cond [3:2 - 3:5]
False [3:7 - 3:11]
Integer [3:13 - 3:14] 42
CloseParen [3:15 - 3:15]
Comment [3:17 - 3:22]
OpenParen [4:1 - 4:1]
Cond [4:2 - 4:5]
True [4:7 - 4:10]
QuoteSymbol [4:12 - 4:12]
OpenParen [4:13 - 4:13]
Integer [4:14 - 4:14] 1
Integer [4:16 - 4:16] 2
Integer [4:18 - 4:18] 3
Integer [4:20 - 4:20] 4
CloseParen [4:21 - 4:21]
QuoteSymbol [4:23 - 4:23]
OpenParen [4:24 - 4:24]
Integer [4:25 - 4:26] -1
Integer [4:28 - 4:29] -2
Integer [4:31 - 4:32] -3
Integer [4:34 - 4:35] -4
CloseParen [4:36 - 4:36]
CloseParen [4:37 - 4:37]
Comment [4:39 - 4:49]
OpenParen [5:1 - 5:1]
Cond [5:2 - 5:5]
False [5:7 - 5:11]
QuoteSymbol [5:13 - 5:13]
OpenParen [5:14 - 5:14]
Integer [5:15 - 5:15] 1
Integer [5:17 - 5:17] 2
Integer [5:19 - 5:19] 3
Integer [5:21 - 5:21] 4
CloseParen [5:22 - 5:22]
QuoteSymbol [5:24 - 5:24]
OpenParen [5:25 - 5:25]
Integer [5:26 - 5:27] -1
Integer [5:29 - 5:30] -2
Integer [5:32 - 5:33] -3
Integer [5:35 - 5:36] -4
CloseParen [5:37 - 5:37]
CloseParen [5:38 - 5:38]
Comment [5:40 - 5:54]
End [6:1 - 6:1]


===============================
No errors encountered in Tests/Examples/Basics/cond.lifp
