Func [1:1 - 1:4]
True [2:1 - 2:4]
False [3:1 - 3:5]
Null [4:1 - 4:4]
Setq [5:1 - 5:4]
Lambda [6:1 - 6:6]
Prog [7:1 - 7:4]
Cond [8:1 - 8:4]
Return [9:1 - 9:6]
Break [10:1 - 10:5]
End [11:1 - 11:1]


===============================
No errors encountered in Tests/Examples/Basics/keywords.lifp
