Integer [1:1 - 1:2] 42
Integer [2:1 - 2:10] -133333337
Real [3:1 - 3:5] 23.99
Real [4:1 - 4:6] -99.32
False [5:1 - 5:5]
True [6:1 - 6:4]
Null [7:1 - 7:4]
End [8:1 - 8:1]


===============================
No errors encountered in Tests/Examples/Basics/literals.lifp
