OpenParen [2:1 - 2:1]
Quote [2:2 - 2:6]
Integer [2:8 - 2:10] 100
CloseParen [2:11 - 2:11]
QuoteSymbol [3:1 - 3:1]
OpenParen [3:2 - 3:2]
Integer [3:3 - 3:5] 100
CloseParen [3:6 - 3:6]
QuoteSymbol [4:1 - 4:1]
OpenParen [4:2 - 4:2]
Integer [4:3 - 4:5] 100
Integer [4:7 - 4:9] 200
Integer [4:11 - 4:14] -300
Integer [4:16 - 4:18] 400
CloseParen [4:19 - 4:19]
QuoteSymbol [5:1 - 5:1]
OpenParen [5:2 - 5:2]
Integer [5:3 - 5:5] 100
Integer [5:7 - 5:9] 200
Real [5:11 - 5:14] 3.14
Real [5:16 - 5:18] 2.7
False [5:20 - 5:24]
Null [5:26 - 5:29]
CloseParen [5:30 - 5:30]
End [6:1 - 6:1]


===============================
No errors encountered in Tests/Examples/Basics/quote.lifp
