OpenParen [2:1 - 2:1]
Setq [2:2 - 2:5]
Identifier [2:7 - 2:7] "x"
Real [2:9 - 2:12] 3.14
CloseParen [2:13 - 2:13]
Identifier [3:1 - 3:1] "x"
OpenParen [5:1 - 5:1]
Setq [5:2 - 5:5]
Identifier [5:7 - 5:18] "SimpleNaMe42"
Null [5:20 - 5:23]
CloseParen [5:24 - 5:24]
Identifier [6:1 - 6:12] "SimpleNaMe42"
OpenParen [8:1 - 8:1]
Setq [8:2 - 8:5]
Identifier [8:7 - 8:16] "fibNumbers"
OpenParen [8:18 - 8:18]
Quote [8:19 - 8:23]
Integer [8:25 - 8:25] 0
Integer [8:27 - 8:27] 1
Integer [8:29 - 8:29] 1
Integer [8:31 - 8:31] 2
Integer [8:33 - 8:33] 3
Integer [8:35 - 8:35] 5
CloseParen [8:36 - 8:36]
CloseParen [8:37 - 8:37]
Identifier [9:1 - 9:10] "fibNumbers"
OpenParen [11:1 - 11:1]
Setq [11:2 - 11:5]
Identifier [11:7 - 11:16] "fibNumbers"
QuoteSymbol [11:18 - 11:18]
OpenParen [11:19 - 11:19]
Integer [11:20 - 11:20] 0
Integer [11:22 - 11:22] 1
Integer [11:24 - 11:24] 1
Integer [11:26 - 11:26] 2
Integer [11:28 - 11:28] 3
Integer [11:30 - 11:30] 5
CloseParen [11:31 - 11:31]
CloseParen [11:32 - 11:32]
Identifier [12:1 - 12:10] "fibNumbers"
OpenParen [14:1 - 14:1]
Setq [14:2 - 14:5]
Identifier [14:7 - 14:15] "operation"
QuoteSymbol [14:17 - 14:17]
OpenParen [14:18 - 14:18]
Setq [14:19 - 14:22]
Identifier [14:24 - 14:24] "x"
Real [14:26 - 14:29] 3.14
CloseParen [14:30 - 14:30]
CloseParen [14:31 - 14:31]
Identifier [15:1 - 15:9] "operation"
OpenParen [17:1 - 17:1]
Setq [17:2 - 17:5]
Identifier [17:7 - 17:51] "not-so++simple$\$name//for//\yo"
Integer [17:53 - 17:54] 10
CloseParen [17:55 - 17:55]
Identifier [18:1 - 18:45] "not-so++simple$\$name//for//\yo"
End [19:1 - 19:1]


===============================
2 issues found in Tests/Examples/Basics/setq.lifp:

[17:38 - 17:51] Warning: Identifier longer than 31 characters detected,
	all overflowing characters are skipped and not considered
17 | (setq not-so++simple$\$name//for//\youu++--++_[-_-] 10)
                                          ^~~~~~~~~~~~~~

[18:32 - 18:45] Warning: Identifier longer than 31 characters detected,
	all overflowing characters are skipped and not considered
18 | not-so++simple$\$name//for//\youu++--++_[-_-]
                                    ^~~~~~~~~~~~~~


