OpenParen [1:1 - 1:1]
Setq [1:2 - 1:5]
Identifier [1:7 - 1:7] "x"
True [1:9 - 1:12]
CloseParen [1:13 - 1:13]
OpenParen [2:1 - 2:1]
Setq [2:2 - 2:5]
Identifier [2:7 - 2:7] "i"
Integer [2:9 - 2:9] 0
CloseParen [2:10 - 2:10]
OpenParen [3:1 - 3:1]
While [3:2 - 3:6]
Identifier [3:8 - 3:8] "x"
OpenParen [3:10 - 3:10]
Cond [3:11 - 3:14]
OpenParen [3:16 - 3:16]
Identifier [3:17 - 3:21] "equal"
Identifier [3:23 - 3:23] "i"
Integer [3:25 - 3:27] 100
CloseParen [3:28 - 3:28]
OpenParen [3:30 - 3:30]
Setq [3:31 - 3:34]
Identifier [3:36 - 3:36] "x"
False [3:38 - 3:42]
CloseParen [3:43 - 3:43]
OpenParen [3:45 - 3:45]
Setq [3:46 - 3:49]
Identifier [3:51 - 3:51] "i"
OpenParen [3:53 - 3:53]
Identifier [3:54 - 3:57] "plus"
Identifier [3:59 - 3:59] "i"
Integer [3:61 - 3:61] 1
CloseParen [3:62 - 3:62]
CloseParen [3:63 - 3:63]
CloseParen [3:64 - 3:64]
CloseParen [3:65 - 3:65]
Identifier [4:1 - 4:1] "i"
Comment [4:3 - 4:7]
OpenParen [6:1 - 6:1]
Setq [6:2 - 6:5]
Identifier [6:7 - 6:7] "x"
True [6:9 - 6:12]
CloseParen [6:13 - 6:13]
OpenParen [7:1 - 7:1]
Setq [7:2 - 7:5]
Identifier [7:7 - 7:7] "i"
Integer [7:9 - 7:9] 0
CloseParen [7:10 - 7:10]
OpenParen [8:1 - 8:1]
While [8:2 - 8:6]
Identifier [8:8 - 8:8] "x"
OpenParen [8:10 - 8:10]
Cond [8:11 - 8:14]
OpenParen [8:16 - 8:16]
Identifier [8:17 - 8:21] "equal"
Identifier [8:23 - 8:23] "i"
Integer [8:25 - 8:27] 100
CloseParen [8:28 - 8:28]
OpenParen [8:30 - 8:30]
Break [8:31 - 8:35]
CloseParen [8:36 - 8:36]
OpenParen [8:38 - 8:38]
Setq [8:39 - 8:42]
Identifier [8:44 - 8:44] "i"
OpenParen [8:46 - 8:46]
Identifier [8:47 - 8:50] "plus"
Identifier [8:52 - 8:52] "i"
Integer [8:54 - 8:54] 1
CloseParen [8:55 - 8:55]
CloseParen [8:56 - 8:56]
CloseParen [8:57 - 8:57]
CloseParen [8:58 - 8:58]
Identifier [9:1 - 9:1] "i"
Comment [9:3 - 9:7]
OpenParen [11:1 - 11:1]
Break [11:2 - 11:6]
CloseParen [11:7 - 11:7]
Identifier [12:1 - 12:1] "x"
Comment [12:3 - 12:16]
End [13:1 - 13:1]


===============================
No errors encountered in Tests/Examples/Basics/while.lifp
