Identifier [1:1 - 1:2] "//"
OpenParen [1:4 - 1:4]
Func [1:5 - 1:8]
Identifier [1:10 - 1:13] "Atom"
Identifier [1:15 - 1:18] "List"
Identifier [1:20 - 1:26] "Element"
CloseParen [1:27 - 1:27]
OpenParen [3:1 - 3:1]
Func [3:2 - 3:5]
CloseParen [3:6 - 3:6]
OpenParen [4:1 - 4:1]
Func [4:2 - 4:5]
Identifier [4:7 - 4:7] "a"
CloseParen [4:8 - 4:8]
OpenParen [5:1 - 5:1]
Func [5:2 - 5:5]
Identifier [5:7 - 5:7] "a"
OpenParen [5:9 - 5:9]
CloseParen [5:10 - 5:10]
CloseParen [5:11 - 5:11]
OpenParen [7:1 - 7:1]
Func [7:2 - 7:5]
OpenParen [7:7 - 7:7]
Identifier [7:8 - 7:10] "non"
Identifier [7:12 - 7:15] "atom"
CloseParen [7:16 - 7:16]
OpenParen [7:18 - 7:18]
CloseParen [7:19 - 7:19]
Identifier [7:21 - 7:22] "el"
CloseParen [7:23 - 7:23]
OpenParen [8:1 - 8:1]
Func [8:2 - 8:5]
Identifier [8:7 - 8:7] "a"
Identifier [8:9 - 8:16] "non-list"
Identifier [8:18 - 8:19] "el"
CloseParen [8:20 - 8:20]
OpenParen [9:1 - 9:1]
Func [9:2 - 9:5]
Identifier [9:7 - 9:9] "way"
OpenParen [9:11 - 9:11]
Identifier [9:12 - 9:14] "too"
CloseParen [9:15 - 9:15]
Identifier [9:17 - 9:20] "much"
Identifier [9:22 - 9:25] "args"
CloseParen [9:26 - 9:26]
End [10:1 - 10:1]


===============================
No errors encountered in Tests/Examples/bad/parse/func.lifp
