Identifier [1:1 - 1:2] "//"
OpenParen [1:4 - 1:4]
Prog [1:5 - 1:8]
Identifier [1:10 - 1:13] "List"
Identifier [1:15 - 1:21] "Element"
CloseParen [1:22 - 1:22]
OpenParen [3:1 - 3:1]
Prog [3:2 - 3:5]
CloseParen [3:6 - 3:6]
OpenParen [4:1 - 4:1]
Prog [4:2 - 4:5]
OpenParen [4:7 - 4:7]
CloseParen [4:8 - 4:8]
CloseParen [4:9 - 4:9]
OpenParen [6:1 - 6:1]
Prog [6:2 - 6:5]
Identifier [6:7 - 6:14] "non-list"
Identifier [6:16 - 6:17] "el"
CloseParen [6:18 - 6:18]
OpenParen [7:1 - 7:1]
Prog [7:2 - 7:5]
OpenParen [7:7 - 7:7]
Identifier [7:8 - 7:10] "too"
CloseParen [7:11 - 7:11]
Identifier [7:13 - 7:16] "much"
Identifier [7:18 - 7:21] "args"
CloseParen [7:22 - 7:22]
End [8:1 - 8:1]


===============================
No errors encountered in Tests/Examples/bad/parse/prog.lifp
