OpenParen [1:1 - 1:1]
Quote [1:2 - 1:6]
CloseParen [1:7 - 1:7]
Identifier [1:9 - 1:10] "--"
Identifier [1:12 - 1:16] "empty"
QuoteSymbol [2:1 - 2:1]
Identifier [2:9 - 2:10] "--"
Identifier [2:12 - 2:16] "empty"
Quote [2:18 - 2:22]
End [3:1 - 3:1]


===============================
No errors encountered in Tests/Examples/bad/parse/quote.lifp
