Identifier [1:1 - 1:2] "//"
OpenParen [1:4 - 1:4]
Return [1:5 - 1:10]
Identifier [1:12 - 1:18] "Element"
CloseParen [1:19 - 1:19]
OpenParen [3:1 - 3:1]
Return [3:2 - 3:7]
CloseParen [3:8 - 3:8]
OpenParen [4:1 - 4:1]
Return [4:2 - 4:7]
Identifier [4:9 - 4:11] "too"
Identifier [4:13 - 4:16] "much"
CloseParen [4:17 - 4:17]
End [5:1 - 5:1]


===============================
No errors encountered in Tests/Examples/bad/parse/return.lifp
