Identifier [1:1 - 1:2] "//"
OpenParen [1:4 - 1:4]
Setq [1:5 - 1:8]
Identifier [1:10 - 1:13] "Atom"
Identifier [1:15 - 1:21] "Element"
CloseParen [1:22 - 1:22]
OpenParen [3:1 - 3:1]
Setq [3:2 - 3:5]
CloseParen [3:6 - 3:6]
OpenParen [4:1 - 4:1]
Setq [4:2 - 4:5]
Identifier [4:7 - 4:7] "a"
CloseParen [4:8 - 4:8]
OpenParen [5:1 - 5:1]
Setq [5:2 - 5:5]
OpenParen [5:7 - 5:7]
Identifier [5:8 - 5:10] "non"
Identifier [5:12 - 5:15] "atom"
CloseParen [5:16 - 5:16]
CloseParen [5:17 - 5:17]
OpenParen [6:1 - 6:1]
Setq [6:2 - 6:5]
Identifier [6:7 - 6:9] "too"
Identifier [6:11 - 6:14] "much"
Identifier [6:16 - 6:19] "args"
CloseParen [6:20 - 6:20]
End [7:1 - 7:1]


===============================
No errors encountered in Tests/Examples/bad/parse/setq.lifp
