OpenParen [1:1 - 1:1]
Identifier [1:2 - 1:5] "some"
Identifier [1:8 - 1:9] "--"
Identifier [1:11 - 1:18] "unclosed"
Identifier [1:20 - 1:24] "brace"
End [2:1 - 2:1]


===============================
No errors encountered in Tests/Examples/bad/parse/UnclosedLeftParen.lifp
